// Jest Snapshot v1, https://goo.gl/fbAQLP

exports[`App should match snapshot upon render 1`] = `
<div>
  <h1
    className="title"
    onClick={[Function]}
  >
    Ultimate Movie Guide
  </h1>
  <Header
    getNewCategory={[Function]}
    grabSearchTerms={[Function]}
    location={
      Object {
        "pathname": "/",
      }
    }
    searchMovies={[Function]}
    searchTerms=""
  />
  <div
    className="loader"
  >
    <Loader
      color="#71238"
      height="100"
      type="Grid"
      width="100"
    />
  </div>
  <button
    className="load-more"
    onClick={[Function]}
  >
    Load More
  </button>
</div>
`;
